2026-05-23 17:24:02,933INFO[get_driver.py(<module>:7)]-driver驱动类
2026-05-23 17:24:02,933INFO[get_driver.py(GetDriver:12)]-设置driver
2026-05-23 17:24:02,933INFO[get_driver.py(GetDriver:16)]-启动浏览器驱动方法
2026-05-23 17:24:02,933INFO[get_driver.py(GetDriver:36)]-关闭浏览器
2026-05-23 17:24:02,933INFO[read_json.py(<module>:10)]-调用读取json文件的函数
2026-05-23 17:24:02,935INFO[common.py(Common:14)]-调用初始化driver方法
2026-05-23 17:24:02,935INFO[common.py(Common:21)]-调用查找元素方法
2026-05-23 17:24:02,935INFO[common.py(Common:35)]-调用点击方法
2026-05-23 17:24:02,935INFO[common.py(Common:46)]-调用输入方法
2026-05-23 17:24:02,935INFO[common.py(Common:66)]-调用加密图片，解码并保存本地方法
2026-05-23 17:24:02,935INFO[common.py(Common:112)]-调用按住鼠标左键并拖动，然后释放鼠标方法
2026-05-23 17:24:02,935INFO[common.py(Common:137)]-调用获取文字方法
2026-05-23 17:24:02,935INFO[common.py(Common:153)]-切换页面句柄
2026-05-23 17:24:02,935INFO[common.py(Common:170)]-滑动页面至可见元素
2026-05-23 17:24:02,962INFO[make_picture.py(<module>:7)]-滑块拼接图片处理类
2026-05-23 17:24:02,962INFO[make_picture.py(Make_Picture:12)]-调用图片进行灰度、模糊处理方法
2026-05-23 17:24:02,962INFO[make_picture.py(Make_Picture:26)]-获取图像移动距离
2026-05-23 17:24:02,962INFO[login.py(<module>:12)]-商城登录类
2026-05-23 17:24:02,962INFO[login.py(PageLogin:17)]-输入用户名
2026-05-23 17:24:02,962INFO[login.py(PageLogin:24)]-输入密码
2026-05-23 17:24:02,962INFO[login.py(PageLogin:31)]-点击登录
2026-05-23 17:24:02,962INFO[login.py(PageLogin:38)]-验证滑块
2026-05-23 17:24:02,962INFO[login.py(PageLogin:53)]-获取登录成功后文字
2026-05-23 17:24:02,962INFO[login.py(PageLogin:60)]-综合调用方法
2026-05-23 17:24:02,963INFO[test_login.py(TestLogin:18)]-初始化
2026-05-23 17:24:02,963INFO[test_login.py(TestLogin:28)]-结束
2026-05-23 17:24:02,963INFO[test_login.py(TestLogin:34)]-调用page层的综合调用方法
2026-05-23 17:24:02,965INFO[read_json.py(read_json:20)]-读取文件路径为：/Users/youth/Downloads/00-social-media/01-Develop/01-code/GitHub-Sync/autotest-work/data//sale/login.json
2026-05-23 17:24:02,965INFO[read_json.py(read_json:22)]-读取文件
2026-05-23 17:24:02,966INFO[read_json.py(read_json:25)]-返回读取文件
2026-05-23 17:24:02,966INFO[get_driver.py(get_driver:20)]-判断是否为空
2026-05-23 17:24:02,966INFO[get_driver.py(get_driver:23)]-为空，启动浏览器驱动
